00:00 [32m+0[0m: [1m[90mloading test/e2e_test.dart[0m[0m
00:00 [32m+0[0m[31m -1[0m: [1m[90mloading test/e2e_test.dart[0m [1m[31m[E][0m[0m
  [31mFailed to load "test/e2e_test.dart":[0m
  test/e2e_test.dart:188:62: Error: String starting with ' must end with '.
          expect(content.contains(RegExp(r'password\s*=\s*["\']')), isFalse,
                                                               ^^^^^^^^^^^^^
  test/e2e_test.dart:190:60: Error: String starting with ' must end with '.
          expect(content.contains(RegExp(r'apiKey\s*=\s*["\']')), isFalse,
                                                             ^^^^^^^^^^^^^
  test/e2e_test.dart:192:60: Error: String starting with ' must end with '.
          expect(content.contains(RegExp(r'secret\s*=\s*["\']')), isFalse,
                                                             ^^^^^^^^^^^^^
  test/e2e_test.dart:192:32: Error: Can't find ')' to match '('.
          expect(content.contains(RegExp(r'secret\s*=\s*["\']')), isFalse,
                                 ^
  test/e2e_test.dart:192:15: Error: Can't find ')' to match '('.
          expect(content.contains(RegExp(r'secret\s*=\s*["\']')), isFalse,
                ^
  test/e2e_test.dart:190:32: Error: Can't find ')' to match '('.
          expect(content.contains(RegExp(r'apiKey\s*=\s*["\']')), isFalse,
                                 ^
  test/e2e_test.dart:190:15: Error: Can't find ')' to match '('.
          expect(content.contains(RegExp(r'apiKey\s*=\s*["\']')), isFalse,
                ^
  test/e2e_test.dart:188:32: Error: Can't find ')' to match '('.
          expect(content.contains(RegExp(r'password\s*=\s*["\']')), isFalse,
                                 ^
  test/e2e_test.dart:188:15: Error: Can't find ')' to match '('.
          expect(content.contains(RegExp(r'password\s*=\s*["\']')), isFalse,
                ^
  test/e2e_test.dart:188:61: Error: Expected ')' before this.
          expect(content.contains(RegExp(r'password\s*=\s*["\']')), isFalse,
                                                              ^
  test/e2e_test.dart:188:15: Error: Too few positional arguments: 2 required, 1 given.
          expect(content.contains(RegExp(r'password\s*=\s*["\']')), isFalse,
                ^
  ../../../../.pub-cache/hosted/pub.dev/matcher-0.12.18/lib/src/expect/expect.dart:57:6: Context: Found this candidate, but the arguments don't match.
  void expect(
       ^^^^^^
  test/e2e_test.dart:190:59: Error: Expected ')' before this.
          expect(content.contains(RegExp(r'apiKey\s*=\s*["\']')), isFalse,
                                                            ^
  test/e2e_test.dart:190:15: Error: Too few positional arguments: 2 required, 1 given.
          expect(content.contains(RegExp(r'apiKey\s*=\s*["\']')), isFalse,
                ^
  ../../../../.pub-cache/hosted/pub.dev/matcher-0.12.18/lib/src/expect/expect.dart:57:6: Context: Found this candidate, but the arguments don't match.
  void expect(
       ^^^^^^
  test/e2e_test.dart:192:59: Error: Expected ')' before this.
          expect(content.contains(RegExp(r'secret\s*=\s*["\']')), isFalse,
                                                            ^
  test/e2e_test.dart:192:15: Error: Too few positional arguments: 2 required, 1 given.
          expect(content.contains(RegExp(r'secret\s*=\s*["\']')), isFalse,
                ^
  ../../../../.pub-cache/hosted/pub.dev/matcher-0.12.18/lib/src/expect/expect.dart:57:6: Context: Found this candidate, but the arguments don't match.
  void expect(
       ^^^^^^
00:00 [32m+0[0m[31m -1[0m: [31mSome tests failed.[0m
